// Jest Snapshot v1, https://goo.gl/fbAQLP

exports[`InputSlider renders correctly 1`] = `
<div
  className="InputSlider"
>
  <span
    className="ant-typography Label"
    onClick={null}
    style={
      Object {
        "WebkitLineClamp": undefined,
      }
    }
  >
    some-label
  </span>
  <div
    className="ant-slider ant-slider-horizontal"
    onMouseDown={[Function]}
  >
    <div
      className="ant-slider-rail"
    />
    <div
      className="ant-slider-track"
      onMouseDown={[Function]}
      onTouchStart={[Function]}
      style={
        Object {
          "left": "0%",
          "width": "0%",
        }
      }
    />
    <div
      className="ant-slider-step"
    />
    <div
      aria-disabled={false}
      aria-valuemax={10}
      aria-valuemin={0}
      aria-valuenow={0}
      className="ant-slider-handle"
      onKeyDown={[Function]}
      onMouseDown={[Function]}
      onMouseEnter={[Function]}
      onMouseLeave={[Function]}
      onTouchStart={[Function]}
      role="slider"
      style={
        Object {
          "left": "0%",
          "transform": "translateX(-50%)",
        }
      }
      tabIndex={0}
    />
  </div>
</div>
`;
